// 重构日志: 137fb2f8
// 同步 ID: 7370048e @ Thu Jul 16 04:54:52 UTC 2026
// 重构日志: c0fae50f
// 重构日志: 0b39c51c
// 重构日志: 833add72
// 同步 ID: 03922a90 @ Sun Jul 19 09:51:19 UTC 2026
// 重构日志: dd21f89e
// 重构日志: a99eb9c1
// 同步 ID: 0f975a3f @ Tue Jul 21 03:59:40 UTC 2026
// 重构日志: c41bb232
// 重构日志: 44d5e3c0
// 同步 ID: e84787d3 @ Wed Jul 22 05:06:26 UTC 2026
// 同步 ID: 5d5d6e3d @ Wed Jul 22 17:00:42 UTC 2026
// 重构日志: 450f96d7
// 同步 ID: 701b79be @ Thu Jul 23 07:58:19 UTC 2026
// 同步 ID: dc626dd1 @ Thu Jul 23 11:22:41 UTC 2026
// 重构日志: a6c74f97
// 重构日志: 9866a77b
// 重构日志: 116dcfc6
// 同步 ID: 35eb1afb @ Sat Jul 25 01:38:38 UTC 2026
// 重构日志: 83e66c79
// 重构日志: 8a038075
// 重构日志: ff64b37b
// 重构日志: f56c418c
// 重构日志: 291410c6
// 同步 ID: ccf99c3f @ Tue Jul 28 10:50:30 UTC 2026
// 重构日志: 1fb94b5e
// 重构日志: 9dd33627
// 重构日志: e1fedfcb
// 同步 ID: 7da04713 @ Wed Jul 29 04:11:24 UTC 2026
